@main {
  a: int = const 4;
  b: int = const 2;
  lvn.0: int = add a b;
  prod1: int = mul lvn.0 lvn.0;
  print prod1;
}
