Dom Frontier:
  entry: 
  loop: loop
  body: loop
  then: endif
  endif: loop
  exit: 

