Dom: {'entry': {'entry'}, 'loop': {'loop', 'entry'}, 'body': {'loop', 'entry', 'body'}, 'then': {'loop', 'entry', 'body', 'then'}, 'endif': {'loop', 'endif', 'entry', 'body'}, 'exit': {'loop', 'exit', 'entry'}}

