Dom Tree:
  entry: loop
  loop: body, exit
  body: endif, then
  then: 
  endif: 
  exit: 

